[
    {
      "trade_id": "T1002",
      "reason": "Missing type or invalid product"
    }
  ]
  