[
    {
      "trade_id": "T1001",
      "fdc3_context": "fdc3.instrumentView:T1001"
    }
  ]
  